<html>
<body>
<pre>
<h1>µVision Build Log</h1>
<h2>Tool Versions:</h2>
IDE-Version: µVision V5.24.2.0
Copyright (C) 2017 ARM Ltd and ARM Germany GmbH. All rights reserved.
License Information: v se, gid, LIC=Y2BVE-5PIV5-346ST-RDM9E-9XMRE-B6UHS
 
Tool Versions:
Toolchain:       MDK-ARM Professional  Version: 5.24.1
Toolchain Path:  C:\Keil_v5\ARM\ARMCC\Bin
C Compiler:      Armcc.exe V5.06 update 5 (build 528)
Assembler:       Armasm.exe V5.06 update 5 (build 528)
Linker/Locator:  ArmLink.exe V5.06 update 5 (build 528)
Library Manager: ArmAr.exe V5.06 update 5 (build 528)
Hex Converter:   FromElf.exe V5.06 update 5 (build 528)
CPU DLL:         SARMCM3.DLL V5.24.1
Dialog DLL:      DCM.DLL V1.16.0.0
Target DLL:      CMSIS_AGDI.dll V1.28.3.0
Dialog DLL:      TCM.DLL V1.32.0.0
 
<h2>Project:</h2>
C:\Users\U3B6\Documents\keil\at32_project_premium_0\premium_23\premium_23.uvprojx
Project File Date:  02/07/2023

<h2>Output:</h2>
*** Using Compiler 'V5.06 update 5 (build 528)', folder: 'C:\Keil_v5\ARM\ARMCC\Bin'
Rebuild target 'Target 1'
compiling at32f421_clock.c...
compiling at32f421_gpio.c...
compiling at32f421_ertc.c...
compiling at32f421_adc.c...
compiling at32f421_crm.c...
compiling at32f421_flash.c...
compiling main.c...
main.c(915): warning:  #1295-D: Deprecated declaration get_button - give arg types
  void get_button();
main.c: 1 warning, 0 errors
assembling startup_at32f421.s...
compiling at32f421_spi.c...
compiling at32f421_misc.c...
compiling at32f421_wdt.c...
compiling at32f421_usart.c...
compiling at32f421_tmr.c...
compiling system_at32f421.c...
linking...
Program Size: Code=8944 RO-data=252 RW-data=228 ZI-data=1836  
FromELF: creating hex file...
".\Objects\premium_23.axf" - 0 Error(s), 1 Warning(s).

<h2>Software Packages used:</h2>

Package Vendor: ARM
                http://www.keil.com/pack/ARM.CMSIS.5.9.0.pack
                ARM.CMSIS.5.9.0
                CMSIS (Common Microcontroller Software Interface Standard)
   * Component: CORE Version: 5.6.0

Package Vendor: ArteryTek
                
                ArteryTek.AT32F421_DFP.2.0.5
                ArteryTek AT32F421 Series Device Support,Drivers
   * Component: startup Version: 2.0.0
   * Component: wdt Version: 2.0.0
   * Component: usart Version: 2.0.0
   * Component: tmr Version: 2.0.0
   * Component: spi Version: 2.0.0
   * Component: misc Version: 2.0.0
   * Component: gpio Version: 2.0.0
   * Component: flash Version: 2.0.0
   * Component: ertc Version: 2.0.0
   * Component: crm Version: 2.0.0
   * Component: adc Version: 2.0.0
   * Component: at32f421_conf Version: 2.0.0

<h2>Collection of Component include folders:</h2>
  .\RTE\Device\-AT32F421C8T7
  .\RTE\_Target_1
  C:\Keil_v5\ARM\PACK\ARM\CMSIS\5.9.0\CMSIS\Core\Include
  C:\Keil_v5\ARM\PACK\ArteryTek\AT32F421_DFP\2.0.5\Device\Firmware\Peripherals\inc
  C:\Keil_v5\ARM\PACK\ArteryTek\AT32F421_DFP\2.0.5\Device\Include

<h2>Collection of Component Files used:</h2>

   * Component: ArteryTek::Device:startup:2.0.0
      Include file:  Device\Include\at32f421.h
      Source file:   Device\Source\system_at32f421.c
      Source file:   Device\Source\ARM\startup_at32f421.s

   * Component: ArteryTek::Device:at32f421_firmware_library:wdt:2.0.0
      Include file:  Device\Firmware\Peripherals\inc\at32f421_wdt.h
      Source file:   Device\Firmware\Peripherals\src\at32f421_wdt.c

   * Component: ArteryTek::Device:at32f421_firmware_library:usart:2.0.0
      Include file:  Device\Firmware\Peripherals\inc\at32f421_usart.h
      Source file:   Device\Firmware\Peripherals\src\at32f421_usart.c

   * Component: ArteryTek::Device:at32f421_firmware_library:tmr:2.0.0
      Include file:  Device\Firmware\Peripherals\inc\at32f421_tmr.h
      Source file:   Device\Firmware\Peripherals\src\at32f421_tmr.c

   * Component: ArteryTek::Device:at32f421_firmware_library:spi:2.0.0
      Source file:   Device\Firmware\Peripherals\src\at32f421_spi.c
      Include file:  Device\Firmware\Peripherals\inc\at32f421_spi.h

   * Component: ArteryTek::Device:at32f421_firmware_library:misc:2.0.0
      Source file:   Device\Firmware\Peripherals\src\at32f421_misc.c
      Include file:  Device\Firmware\Peripherals\inc\at32f421_misc.h

   * Component: ArteryTek::Device:at32f421_firmware_library:gpio:2.0.0
      Source file:   Device\Firmware\Peripherals\src\at32f421_gpio.c
      Include file:  Device\Firmware\Peripherals\inc\at32f421_gpio.h

   * Component: ArteryTek::Device:at32f421_firmware_library:flash:2.0.0
      Include file:  Device\Firmware\Peripherals\inc\at32f421_flash.h
      Source file:   Device\Firmware\Peripherals\src\at32f421_flash.c

   * Component: ArteryTek::Device:at32f421_firmware_library:ertc:2.0.0
      Include file:  Device\Firmware\Peripherals\inc\at32f421_ertc.h
      Source file:   Device\Firmware\Peripherals\src\at32f421_ertc.c

   * Component: ArteryTek::Device:at32f421_firmware_library:crm:2.0.0
      Include file:  Device\Firmware\Peripherals\inc\at32f421_crm.h
      Source file:   Device\Firmware\Peripherals\src\at32f421_crm.c

   * Component: ArteryTek::Device:at32f421_firmware_library:adc:2.0.0
      Include file:  Device\Firmware\Peripherals\inc\at32f421_adc.h
      Source file:   Device\Firmware\Peripherals\src\at32f421_adc.c

   * Component: ArteryTek::Device:at32f421_conf:2.0.0
      Include file:  Device\Include\at32f421_conf.h

   * Component: ARM::CMSIS:CORE:5.6.0
Build Time Elapsed:  00:00:01
</pre>
</body>
</html>
